// Vitest Snapshot v1, https://vitest.dev/guide/snapshot.html

exports[`Event Breakers > Rulesets > should be written to a file 1`] = `
"test:
  lib: custom
  rules: []
"
`;

exports[`Event Breakers > Rulesets > with Rules > should be written to a file 1`] = `
"test:
  lib: custom
  rules:
    - name: first
      disabled: false
      condition: 'true'
      type: test
"
`;
