// Vitest Snapshot v1, https://vitest.dev/guide/snapshot.html

exports[`Regexex > should be written to the file 1`] = `
"test:
  lib: test
  regex: /test/
"
`;
